// Jest Snapshot v1, https://goo.gl/fbAQLP

exports[`Test 1 GifGridItem GifGridItem snapshot 1`] = `
<div
  className="card animate__animated animate__bounce animate__faster"
>
  <img />
  <p />
</div>
`;
